<?xml version="1.0" encoding="UTF-8"?>
<TestRun id="dd22ded8-3549-44af-93aa-de64437c9844" name="George@GEORGE-PC 2009-03-09 19:29:08" runUser="George-PC\George" xmlns="http://microsoft.com/schemas/VisualStudio/TeamTest/2006">
  <TestRunConfiguration name="Local Test Run" id="382e3fcb-e481-479e-bf4b-2123dd02a287">
    <Description>This is a default test run configuration for a local test run.</Description>
    <Deployment userDeploymentRoot="I:\Users\birbilis\Projects\LeViS\LvS_net\TestResults" useDefaultDeploymentRoot="false" runDeploymentRoot="I:\Users\birbilis\Projects\LeViS\LvS_net\TestResults\George_GEORGE-PC 2009-03-09 19_29_08">
      <DeploymentItem filename="I:\Users\birbilis\Projects\LeViS\LvS_net\LvS_utilities\bin\Release\LvS_utilities.dll" />
      <DeploymentItem filename="I:\Users\birbilis\Projects\LeViS\LvS_net\Libraries\CabLib.dll" />
      <DeploymentItem filename="I:\Users\birbilis\Projects\LeViS\LvS_net\LvS_models\bin\Release\LvS_models.dll" />
      <DeploymentItem filename="I:\Users\birbilis\Projects\LeViS\LvS_net\LvS\bin\Release\LvS.exe" />
    </Deployment>
    <TestTypeSpecific />
  </TestRunConfiguration>
  <ResultSummary outcome="Failed">
    <Counters total="12" executed="12" error="0" failed="12" timeout="0" aborted="0" inconclusive="0" passedButRunAborted="0" notRunnable="0" notExecuted="0" disconnected="0" warning="0" passed="0" completed="0" inProgress="0" pending="0" />
  </ResultSummary>
  <Times creation="2009-03-09T19:29:08.9133692+02:00" queuing="2009-03-09T19:29:09.6613682+02:00" start="2009-03-09T19:29:09.8234672+02:00" finish="2009-03-09T19:29:10.8282857+02:00" />
  <TestDefinitions>
    <UnitTest name="Write_FAB_Test" storage="i:\users\birbilis\projects\levis\lvs_net\lvs_utilities_test\bin\release\lvs_utilities_test.dll" id="a06dd9e6-eac5-797b-9bb8-bfeb68eea052">
      <Css projectStructure="" iteration="" />
      <Owners>
        <Owner name="" />
      </Owners>
      <Execution id="0db6d70f-1873-4dcc-9063-c4f44f0ad6e2" />
      <TestMethod codeBase="I:\Users\birbilis\Projects\LeViS\LvS_net\LvS_utilities_Test\bin\Release\LvS_utilities_Test.dll" adapterTypeName="Microsoft.VisualStudio.TestTools.TestTypes.Unit.UnitTestAdapter, Microsoft.VisualStudio.QualityTools.Tips.UnitTest.Adapter, Version=9.0.0.0, Culture=neutral, PublicKeyToken=b03f5f7f11d50a3a" className="LvS_utilities_Test.SubtitleUtilsTest, LvS_utilities_Test" name="Write_FAB_Test" />
    </UnitTest>
    <UnitTest name="Write_FAB_UTF8_Test" storage="i:\users\birbilis\projects\levis\lvs_net\lvs_utilities_test\bin\release\lvs_utilities_test.dll" id="20240f9d-4918-374d-794b-0fbd27f29111">
      <Css projectStructure="" iteration="" />
      <Owners>
        <Owner name="" />
      </Owners>
      <Execution id="2f808bce-25a1-49b8-abd6-14bd566117f5" />
      <TestMethod codeBase="I:\Users\birbilis\Projects\LeViS\LvS_net\LvS_utilities_Test\bin\Release\LvS_utilities_Test.dll" adapterTypeName="Microsoft.VisualStudio.TestTools.TestTypes.Unit.UnitTestAdapter, Microsoft.VisualStudio.QualityTools.Tips.UnitTest.Adapter, Version=9.0.0.0, Culture=neutral, PublicKeyToken=b03f5f7f11d50a3a" className="LvS_utilities_Test.SubtitleUtilsTest, LvS_utilities_Test" name="Write_FAB_UTF8_Test" />
    </UnitTest>
    <UnitTest name="Write_SRT_Test" storage="i:\users\birbilis\projects\levis\lvs_net\lvs_utilities_test\bin\release\lvs_utilities_test.dll" id="648c511a-dbb6-8678-0334-39ba587d7f8a">
      <Css projectStructure="" iteration="" />
      <Owners>
        <Owner name="" />
      </Owners>
      <Execution id="5a00de0e-7dc2-48dd-87c5-f119f52bf3a3" />
      <TestMethod codeBase="I:\Users\birbilis\Projects\LeViS\LvS_net\LvS_utilities_Test\bin\Release\LvS_utilities_Test.dll" adapterTypeName="Microsoft.VisualStudio.TestTools.TestTypes.Unit.UnitTestAdapter, Microsoft.VisualStudio.QualityTools.Tips.UnitTest.Adapter, Version=9.0.0.0, Culture=neutral, PublicKeyToken=b03f5f7f11d50a3a" className="LvS_utilities_Test.SubtitleUtilsTest, LvS_utilities_Test" name="Write_SRT_Test" />
    </UnitTest>
    <UnitTest name="Write_Encore_Test" storage="i:\users\birbilis\projects\levis\lvs_net\lvs_utilities_test\bin\release\lvs_utilities_test.dll" id="72ca4c7b-30b6-f9ab-2bb3-3e8b46d05401">
      <Css projectStructure="" iteration="" />
      <Owners>
        <Owner name="" />
      </Owners>
      <Execution id="f5f39602-c801-4a14-bd7b-b79142fad213" />
      <TestMethod codeBase="I:\Users\birbilis\Projects\LeViS\LvS_net\LvS_utilities_Test\bin\Release\LvS_utilities_Test.dll" adapterTypeName="Microsoft.VisualStudio.TestTools.TestTypes.Unit.UnitTestAdapter, Microsoft.VisualStudio.QualityTools.Tips.UnitTest.Adapter, Version=9.0.0.0, Culture=neutral, PublicKeyToken=b03f5f7f11d50a3a" className="LvS_utilities_Test.SubtitleUtilsTest, LvS_utilities_Test" name="Write_Encore_Test" />
    </UnitTest>
    <UnitTest name="Read_SRT_UTF8_Test" storage="i:\users\birbilis\projects\levis\lvs_net\lvs_utilities_test\bin\release\lvs_utilities_test.dll" id="456fc5e6-84fc-2620-084b-1ecb588fdbda">
      <Css projectStructure="" iteration="" />
      <Owners>
        <Owner name="" />
      </Owners>
      <Execution id="0dba6c8d-602c-4851-82d2-cd73d0e46803" />
      <TestMethod codeBase="I:\Users\birbilis\Projects\LeViS\LvS_net\LvS_utilities_Test\bin\Release\LvS_utilities_Test.dll" adapterTypeName="Microsoft.VisualStudio.TestTools.TestTypes.Unit.UnitTestAdapter, Microsoft.VisualStudio.QualityTools.Tips.UnitTest.Adapter, Version=9.0.0.0, Culture=neutral, PublicKeyToken=b03f5f7f11d50a3a" className="LvS_utilities_Test.SubtitleUtilsTest, LvS_utilities_Test" name="Read_SRT_UTF8_Test" />
    </UnitTest>
    <UnitTest name="Read_SRT_Test" storage="i:\users\birbilis\projects\levis\lvs_net\lvs_utilities_test\bin\release\lvs_utilities_test.dll" id="511bc28e-c41c-e371-c9ca-188dad96a09a">
      <Css projectStructure="" iteration="" />
      <Owners>
        <Owner name="" />
      </Owners>
      <Execution id="151ef74f-936d-499b-90a3-7ba8f714602f" />
      <TestMethod codeBase="I:\Users\birbilis\Projects\LeViS\LvS_net\LvS_utilities_Test\bin\Release\LvS_utilities_Test.dll" adapterTypeName="Microsoft.VisualStudio.TestTools.TestTypes.Unit.UnitTestAdapter, Microsoft.VisualStudio.QualityTools.Tips.UnitTest.Adapter, Version=9.0.0.0, Culture=neutral, PublicKeyToken=b03f5f7f11d50a3a" className="LvS_utilities_Test.SubtitleUtilsTest, LvS_utilities_Test" name="Read_SRT_Test" />
    </UnitTest>
    <UnitTest name="Read_TTS_Test" storage="i:\users\birbilis\projects\levis\lvs_net\lvs_utilities_test\bin\release\lvs_utilities_test.dll" id="e57fccda-e21f-401d-c4a4-fb33617a0bf9">
      <Css projectStructure="" iteration="" />
      <Owners>
        <Owner name="" />
      </Owners>
      <Execution id="5ea461da-6956-44bb-a279-37ea90f6318b" />
      <TestMethod codeBase="I:\Users\birbilis\Projects\LeViS\LvS_net\LvS_utilities_Test\bin\Release\LvS_utilities_Test.dll" adapterTypeName="Microsoft.VisualStudio.TestTools.TestTypes.Unit.UnitTestAdapter, Microsoft.VisualStudio.QualityTools.Tips.UnitTest.Adapter, Version=9.0.0.0, Culture=neutral, PublicKeyToken=b03f5f7f11d50a3a" className="LvS_utilities_Test.SubtitleUtilsTest, LvS_utilities_Test" name="Read_TTS_Test" />
    </UnitTest>
    <UnitTest name="Read_TTS_UTF8_Test" storage="i:\users\birbilis\projects\levis\lvs_net\lvs_utilities_test\bin\release\lvs_utilities_test.dll" id="f334b2f5-b82d-38f7-a318-2af7754c6d43">
      <Css projectStructure="" iteration="" />
      <Owners>
        <Owner name="" />
      </Owners>
      <Execution id="803da0f6-5993-4bf7-9027-9ce62f9e884d" />
      <TestMethod codeBase="I:\Users\birbilis\Projects\LeViS\LvS_net\LvS_utilities_Test\bin\Release\LvS_utilities_Test.dll" adapterTypeName="Microsoft.VisualStudio.TestTools.TestTypes.Unit.UnitTestAdapter, Microsoft.VisualStudio.QualityTools.Tips.UnitTest.Adapter, Version=9.0.0.0, Culture=neutral, PublicKeyToken=b03f5f7f11d50a3a" className="LvS_utilities_Test.SubtitleUtilsTest, LvS_utilities_Test" name="Read_TTS_UTF8_Test" />
    </UnitTest>
    <UnitTest name="Write_SRT_UTF8_Test" storage="i:\users\birbilis\projects\levis\lvs_net\lvs_utilities_test\bin\release\lvs_utilities_test.dll" id="c68d7bd7-363c-975e-9f0d-80901baa3de9">
      <Css projectStructure="" iteration="" />
      <Owners>
        <Owner name="" />
      </Owners>
      <Execution id="9e86597b-c20a-4dac-be47-bb9d14186049" />
      <TestMethod codeBase="I:\Users\birbilis\Projects\LeViS\LvS_net\LvS_utilities_Test\bin\Release\LvS_utilities_Test.dll" adapterTypeName="Microsoft.VisualStudio.TestTools.TestTypes.Unit.UnitTestAdapter, Microsoft.VisualStudio.QualityTools.Tips.UnitTest.Adapter, Version=9.0.0.0, Culture=neutral, PublicKeyToken=b03f5f7f11d50a3a" className="LvS_utilities_Test.SubtitleUtilsTest, LvS_utilities_Test" name="Write_SRT_UTF8_Test" />
    </UnitTest>
    <UnitTest name="Write_TTS_Test" storage="i:\users\birbilis\projects\levis\lvs_net\lvs_utilities_test\bin\release\lvs_utilities_test.dll" id="d38a5bf5-ebe6-0c07-b2eb-bcad41c26a3f">
      <Css projectStructure="" iteration="" />
      <Owners>
        <Owner name="" />
      </Owners>
      <Execution id="f4512528-a77b-4cf4-97ae-688af8c5f720" />
      <TestMethod codeBase="I:\Users\birbilis\Projects\LeViS\LvS_net\LvS_utilities_Test\bin\Release\LvS_utilities_Test.dll" adapterTypeName="Microsoft.VisualStudio.TestTools.TestTypes.Unit.UnitTestAdapter, Microsoft.VisualStudio.QualityTools.Tips.UnitTest.Adapter, Version=9.0.0.0, Culture=neutral, PublicKeyToken=b03f5f7f11d50a3a" className="LvS_utilities_Test.SubtitleUtilsTest, LvS_utilities_Test" name="Write_TTS_Test" />
    </UnitTest>
    <UnitTest name="Write_Encore_UTF8_Test" storage="i:\users\birbilis\projects\levis\lvs_net\lvs_utilities_test\bin\release\lvs_utilities_test.dll" id="5c4eb462-5274-f649-85d5-41c7c4183f58">
      <Css projectStructure="" iteration="" />
      <Owners>
        <Owner name="" />
      </Owners>
      <Execution id="029f2cfd-0c7b-42e5-9189-c23fc037f1de" />
      <TestMethod codeBase="I:\Users\birbilis\Projects\LeViS\LvS_net\LvS_utilities_Test\bin\Release\LvS_utilities_Test.dll" adapterTypeName="Microsoft.VisualStudio.TestTools.TestTypes.Unit.UnitTestAdapter, Microsoft.VisualStudio.QualityTools.Tips.UnitTest.Adapter, Version=9.0.0.0, Culture=neutral, PublicKeyToken=b03f5f7f11d50a3a" className="LvS_utilities_Test.SubtitleUtilsTest, LvS_utilities_Test" name="Write_Encore_UTF8_Test" />
    </UnitTest>
    <UnitTest name="Write_TTS_UTF8_Test" storage="i:\users\birbilis\projects\levis\lvs_net\lvs_utilities_test\bin\release\lvs_utilities_test.dll" id="8f60b61c-cd80-ff1e-75ed-258bf92a4b42">
      <Css projectStructure="" iteration="" />
      <Owners>
        <Owner name="" />
      </Owners>
      <Execution id="39978cb0-98a4-47b6-b4e7-3b71472004f5" />
      <TestMethod codeBase="I:\Users\birbilis\Projects\LeViS\LvS_net\LvS_utilities_Test\bin\Release\LvS_utilities_Test.dll" adapterTypeName="Microsoft.VisualStudio.TestTools.TestTypes.Unit.UnitTestAdapter, Microsoft.VisualStudio.QualityTools.Tips.UnitTest.Adapter, Version=9.0.0.0, Culture=neutral, PublicKeyToken=b03f5f7f11d50a3a" className="LvS_utilities_Test.SubtitleUtilsTest, LvS_utilities_Test" name="Write_TTS_UTF8_Test" />
    </UnitTest>
  </TestDefinitions>
  <TestLists>
    <TestList name="Results Not in a List" id="8c84fa94-04c1-424b-9868-57a2d4851a1d" />
    <TestList name="All Loaded Results" id="19431567-8539-422a-85d7-44ee4e166bda" />
  </TestLists>
  <TestEntries>
    <TestEntry testId="20240f9d-4918-374d-794b-0fbd27f29111" executionId="2f808bce-25a1-49b8-abd6-14bd566117f5" testListId="8c84fa94-04c1-424b-9868-57a2d4851a1d" />
    <TestEntry testId="456fc5e6-84fc-2620-084b-1ecb588fdbda" executionId="0dba6c8d-602c-4851-82d2-cd73d0e46803" testListId="8c84fa94-04c1-424b-9868-57a2d4851a1d" />
    <TestEntry testId="511bc28e-c41c-e371-c9ca-188dad96a09a" executionId="151ef74f-936d-499b-90a3-7ba8f714602f" testListId="8c84fa94-04c1-424b-9868-57a2d4851a1d" />
    <TestEntry testId="5c4eb462-5274-f649-85d5-41c7c4183f58" executionId="029f2cfd-0c7b-42e5-9189-c23fc037f1de" testListId="8c84fa94-04c1-424b-9868-57a2d4851a1d" />
    <TestEntry testId="648c511a-dbb6-8678-0334-39ba587d7f8a" executionId="5a00de0e-7dc2-48dd-87c5-f119f52bf3a3" testListId="8c84fa94-04c1-424b-9868-57a2d4851a1d" />
    <TestEntry testId="72ca4c7b-30b6-f9ab-2bb3-3e8b46d05401" executionId="f5f39602-c801-4a14-bd7b-b79142fad213" testListId="8c84fa94-04c1-424b-9868-57a2d4851a1d" />
    <TestEntry testId="8f60b61c-cd80-ff1e-75ed-258bf92a4b42" executionId="39978cb0-98a4-47b6-b4e7-3b71472004f5" testListId="8c84fa94-04c1-424b-9868-57a2d4851a1d" />
    <TestEntry testId="a06dd9e6-eac5-797b-9bb8-bfeb68eea052" executionId="0db6d70f-1873-4dcc-9063-c4f44f0ad6e2" testListId="8c84fa94-04c1-424b-9868-57a2d4851a1d" />
    <TestEntry testId="c68d7bd7-363c-975e-9f0d-80901baa3de9" executionId="9e86597b-c20a-4dac-be47-bb9d14186049" testListId="8c84fa94-04c1-424b-9868-57a2d4851a1d" />
    <TestEntry testId="d38a5bf5-ebe6-0c07-b2eb-bcad41c26a3f" executionId="f4512528-a77b-4cf4-97ae-688af8c5f720" testListId="8c84fa94-04c1-424b-9868-57a2d4851a1d" />
    <TestEntry testId="e57fccda-e21f-401d-c4a4-fb33617a0bf9" executionId="5ea461da-6956-44bb-a279-37ea90f6318b" testListId="8c84fa94-04c1-424b-9868-57a2d4851a1d" />
    <TestEntry testId="f334b2f5-b82d-38f7-a318-2af7754c6d43" executionId="803da0f6-5993-4bf7-9027-9ce62f9e884d" testListId="8c84fa94-04c1-424b-9868-57a2d4851a1d" />
  </TestEntries>
  <Results>
    <UnitTestResult executionId="2f808bce-25a1-49b8-abd6-14bd566117f5" testId="20240f9d-4918-374d-794b-0fbd27f29111" testName="Write_FAB_UTF8_Test" computerName="GEORGE-PC" duration="00:00:00.0427207" startTime="2009-03-09T19:29:09.8879162+02:00" endTime="2009-03-09T19:29:10.5773252+02:00" testType="13cdc9d9-ddb5-4fa4-a97d-d965ccfc6d4b" outcome="Failed" testListId="8c84fa94-04c1-424b-9868-57a2d4851a1d">
      <Output>
        <ErrorInfo>
          <Message>Assert.Fail failed. Could not find a part of the path 'I:\Users\birbilis\Projects\LeViS\LvS_net\TestResults\George_GEORGE-PC 2009-03-09 19_29_08\Out\subtitles\sample.FAB'.</Message>
          <StackTrace>   at LvS_utilities_Test.SubtitleUtilsTest.WriteSubtitlesTest(String path, Encoding encoding) in I:\Users\birbilis\Projects\LeViS\LvS_net\LvS_utilities_Test\SubtitleUtilsTest.vb:line 170
   at LvS_utilities_Test.SubtitleUtilsTest.Write_FAB_UTF8_Test() in I:\Users\birbilis\Projects\LeViS\LvS_net\LvS_utilities_Test\SubtitleUtilsTest.vb:line 122
</StackTrace>
        </ErrorInfo>
      </Output>
    </UnitTestResult>
    <UnitTestResult executionId="0dba6c8d-602c-4851-82d2-cd73d0e46803" testId="456fc5e6-84fc-2620-084b-1ecb588fdbda" testName="Read_SRT_UTF8_Test" computerName="GEORGE-PC" duration="00:00:00.0030950" startTime="2009-03-09T19:29:10.6007612+02:00" endTime="2009-03-09T19:29:10.6075967+02:00" testType="13cdc9d9-ddb5-4fa4-a97d-d965ccfc6d4b" outcome="Failed" testListId="8c84fa94-04c1-424b-9868-57a2d4851a1d">
      <Output>
        <ErrorInfo>
          <Message>Assert.Fail failed. Could not find a part of the path 'I:\Users\birbilis\Projects\LeViS\LvS_net\TestResults\George_GEORGE-PC 2009-03-09 19_29_08\Out\subtitles\sample.SRT'.</Message>
          <StackTrace>   at LvS_utilities_Test.SubtitleUtilsTest.ReadSubtitlesTest(String path, Encoding encoding) in I:\Users\birbilis\Projects\LeViS\LvS_net\LvS_utilities_Test\SubtitleUtilsTest.vb:line 155
   at LvS_utilities_Test.SubtitleUtilsTest.Read_SRT_UTF8_Test() in I:\Users\birbilis\Projects\LeViS\LvS_net\LvS_utilities_Test\SubtitleUtilsTest.vb:line 94
</StackTrace>
        </ErrorInfo>
      </Output>
    </UnitTestResult>
    <UnitTestResult executionId="151ef74f-936d-499b-90a3-7ba8f714602f" testId="511bc28e-c41c-e371-c9ca-188dad96a09a" testName="Read_SRT_Test" computerName="GEORGE-PC" duration="00:00:00.0015501" startTime="2009-03-09T19:29:10.6212677+02:00" endTime="2009-03-09T19:29:10.6271267+02:00" testType="13cdc9d9-ddb5-4fa4-a97d-d965ccfc6d4b" outcome="Failed" testListId="8c84fa94-04c1-424b-9868-57a2d4851a1d">
      <Output>
        <ErrorInfo>
          <Message>Assert.Fail failed. Could not find a part of the path 'I:\Users\birbilis\Projects\LeViS\LvS_net\TestResults\George_GEORGE-PC 2009-03-09 19_29_08\Out\subtitles\sample.SRT'.</Message>
          <StackTrace>   at LvS_utilities_Test.SubtitleUtilsTest.ReadSubtitlesTest(String path, Encoding encoding) in I:\Users\birbilis\Projects\LeViS\LvS_net\LvS_utilities_Test\SubtitleUtilsTest.vb:line 155
   at LvS_utilities_Test.SubtitleUtilsTest.Read_SRT_Test() in I:\Users\birbilis\Projects\LeViS\LvS_net\LvS_utilities_Test\SubtitleUtilsTest.vb:line 78
</StackTrace>
        </ErrorInfo>
      </Output>
    </UnitTestResult>
    <UnitTestResult executionId="029f2cfd-0c7b-42e5-9189-c23fc037f1de" testId="5c4eb462-5274-f649-85d5-41c7c4183f58" testName="Write_Encore_UTF8_Test" computerName="GEORGE-PC" duration="00:00:00.0013660" startTime="2009-03-09T19:29:10.6398212+02:00" endTime="2009-03-09T19:29:10.6456802+02:00" testType="13cdc9d9-ddb5-4fa4-a97d-d965ccfc6d4b" outcome="Failed" testListId="8c84fa94-04c1-424b-9868-57a2d4851a1d">
      <Output>
        <ErrorInfo>
          <Message>Assert.Fail failed. Could not find a part of the path 'I:\Users\birbilis\Projects\LeViS\LvS_net\TestResults\George_GEORGE-PC 2009-03-09 19_29_08\Out\subtitles\sample.ENC'.</Message>
          <StackTrace>   at LvS_utilities_Test.SubtitleUtilsTest.WriteSubtitlesTest(String path, Encoding encoding) in I:\Users\birbilis\Projects\LeViS\LvS_net\LvS_utilities_Test\SubtitleUtilsTest.vb:line 170
   at LvS_utilities_Test.SubtitleUtilsTest.Write_Encore_UTF8_Test() in I:\Users\birbilis\Projects\LeViS\LvS_net\LvS_utilities_Test\SubtitleUtilsTest.vb:line 142
</StackTrace>
        </ErrorInfo>
      </Output>
    </UnitTestResult>
    <UnitTestResult executionId="5a00de0e-7dc2-48dd-87c5-f119f52bf3a3" testId="648c511a-dbb6-8678-0334-39ba587d7f8a" testName="Write_SRT_Test" computerName="GEORGE-PC" duration="00:00:00.0044726" startTime="2009-03-09T19:29:10.6573982+02:00" endTime="2009-03-09T19:29:10.6652102+02:00" testType="13cdc9d9-ddb5-4fa4-a97d-d965ccfc6d4b" outcome="Failed" testListId="8c84fa94-04c1-424b-9868-57a2d4851a1d">
      <Output>
        <ErrorInfo>
          <Message>Assert.Fail failed. Could not find a part of the path 'I:\Users\birbilis\Projects\LeViS\LvS_net\TestResults\George_GEORGE-PC 2009-03-09 19_29_08\Out\subtitles\sample.SRT'.</Message>
          <StackTrace>   at LvS_utilities_Test.SubtitleUtilsTest.WriteSubtitlesTest(String path, Encoding encoding) in I:\Users\birbilis\Projects\LeViS\LvS_net\LvS_utilities_Test\SubtitleUtilsTest.vb:line 170
   at LvS_utilities_Test.SubtitleUtilsTest.Write_SRT_Test() in I:\Users\birbilis\Projects\LeViS\LvS_net\LvS_utilities_Test\SubtitleUtilsTest.vb:line 86
</StackTrace>
        </ErrorInfo>
      </Output>
    </UnitTestResult>
    <UnitTestResult executionId="f5f39602-c801-4a14-bd7b-b79142fad213" testId="72ca4c7b-30b6-f9ab-2bb3-3e8b46d05401" testName="Write_Encore_Test" computerName="GEORGE-PC" duration="00:00:00.0013772" startTime="2009-03-09T19:29:10.6896227+02:00" endTime="2009-03-09T19:29:10.6945052+02:00" testType="13cdc9d9-ddb5-4fa4-a97d-d965ccfc6d4b" outcome="Failed" testListId="8c84fa94-04c1-424b-9868-57a2d4851a1d">
      <Output>
        <ErrorInfo>
          <Message>Assert.Fail failed. Could not find a part of the path 'I:\Users\birbilis\Projects\LeViS\LvS_net\TestResults\George_GEORGE-PC 2009-03-09 19_29_08\Out\subtitles\sample.ENC'.</Message>
          <StackTrace>   at LvS_utilities_Test.SubtitleUtilsTest.WriteSubtitlesTest(String path, Encoding encoding) in I:\Users\birbilis\Projects\LeViS\LvS_net\LvS_utilities_Test\SubtitleUtilsTest.vb:line 170
   at LvS_utilities_Test.SubtitleUtilsTest.Write_Encore_Test() in I:\Users\birbilis\Projects\LeViS\LvS_net\LvS_utilities_Test\SubtitleUtilsTest.vb:line 134
</StackTrace>
        </ErrorInfo>
      </Output>
    </UnitTestResult>
    <UnitTestResult executionId="39978cb0-98a4-47b6-b4e7-3b71472004f5" testId="8f60b61c-cd80-ff1e-75ed-258bf92a4b42" testName="Write_TTS_UTF8_Test" computerName="GEORGE-PC" duration="00:00:00.0013666" startTime="2009-03-09T19:29:10.7071997+02:00" endTime="2009-03-09T19:29:10.7120822+02:00" testType="13cdc9d9-ddb5-4fa4-a97d-d965ccfc6d4b" outcome="Failed" testListId="8c84fa94-04c1-424b-9868-57a2d4851a1d">
      <Output>
        <ErrorInfo>
          <Message>Assert.Fail failed. Could not find a part of the path 'I:\Users\birbilis\Projects\LeViS\LvS_net\TestResults\George_GEORGE-PC 2009-03-09 19_29_08\Out\subtitles\sample.tts'.</Message>
          <StackTrace>   at LvS_utilities_Test.SubtitleUtilsTest.WriteSubtitlesTest(String path, Encoding encoding) in I:\Users\birbilis\Projects\LeViS\LvS_net\LvS_utilities_Test\SubtitleUtilsTest.vb:line 170
   at LvS_utilities_Test.SubtitleUtilsTest.Write_TTS_UTF8_Test() in I:\Users\birbilis\Projects\LeViS\LvS_net\LvS_utilities_Test\SubtitleUtilsTest.vb:line 66
</StackTrace>
        </ErrorInfo>
      </Output>
    </UnitTestResult>
    <UnitTestResult executionId="0db6d70f-1873-4dcc-9063-c4f44f0ad6e2" testId="a06dd9e6-eac5-797b-9bb8-bfeb68eea052" testName="Write_FAB_Test" computerName="GEORGE-PC" duration="00:00:00.0014286" startTime="2009-03-09T19:29:10.7238002+02:00" endTime="2009-03-09T19:29:10.7277062+02:00" testType="13cdc9d9-ddb5-4fa4-a97d-d965ccfc6d4b" outcome="Failed" testListId="8c84fa94-04c1-424b-9868-57a2d4851a1d">
      <Output>
        <ErrorInfo>
          <Message>Assert.Fail failed. Could not find a part of the path 'I:\Users\birbilis\Projects\LeViS\LvS_net\TestResults\George_GEORGE-PC 2009-03-09 19_29_08\Out\subtitles\sample.FAB'.</Message>
          <StackTrace>   at LvS_utilities_Test.SubtitleUtilsTest.WriteSubtitlesTest(String path, Encoding encoding) in I:\Users\birbilis\Projects\LeViS\LvS_net\LvS_utilities_Test\SubtitleUtilsTest.vb:line 170
   at LvS_utilities_Test.SubtitleUtilsTest.Write_FAB_Test() in I:\Users\birbilis\Projects\LeViS\LvS_net\LvS_utilities_Test\SubtitleUtilsTest.vb:line 114
</StackTrace>
        </ErrorInfo>
      </Output>
    </UnitTestResult>
    <UnitTestResult executionId="9e86597b-c20a-4dac-be47-bb9d14186049" testId="c68d7bd7-363c-975e-9f0d-80901baa3de9" testName="Write_SRT_UTF8_Test" computerName="GEORGE-PC" duration="00:00:00.0013929" startTime="2009-03-09T19:29:10.7413772+02:00" endTime="2009-03-09T19:29:10.7462597+02:00" testType="13cdc9d9-ddb5-4fa4-a97d-d965ccfc6d4b" outcome="Failed" testListId="8c84fa94-04c1-424b-9868-57a2d4851a1d">
      <Output>
        <ErrorInfo>
          <Message>Assert.Fail failed. Could not find a part of the path 'I:\Users\birbilis\Projects\LeViS\LvS_net\TestResults\George_GEORGE-PC 2009-03-09 19_29_08\Out\subtitles\sample.SRT'.</Message>
          <StackTrace>   at LvS_utilities_Test.SubtitleUtilsTest.WriteSubtitlesTest(String path, Encoding encoding) in I:\Users\birbilis\Projects\LeViS\LvS_net\LvS_utilities_Test\SubtitleUtilsTest.vb:line 170
   at LvS_utilities_Test.SubtitleUtilsTest.Write_SRT_UTF8_Test() in I:\Users\birbilis\Projects\LeViS\LvS_net\LvS_utilities_Test\SubtitleUtilsTest.vb:line 102
</StackTrace>
        </ErrorInfo>
      </Output>
    </UnitTestResult>
    <UnitTestResult executionId="f4512528-a77b-4cf4-97ae-688af8c5f720" testId="d38a5bf5-ebe6-0c07-b2eb-bcad41c26a3f" testName="Write_TTS_Test" computerName="GEORGE-PC" duration="00:00:00.0013716" startTime="2009-03-09T19:29:10.7579777+02:00" endTime="2009-03-09T19:29:10.7628602+02:00" testType="13cdc9d9-ddb5-4fa4-a97d-d965ccfc6d4b" outcome="Failed" testListId="8c84fa94-04c1-424b-9868-57a2d4851a1d">
      <Output>
        <ErrorInfo>
          <Message>Assert.Fail failed. Could not find a part of the path 'I:\Users\birbilis\Projects\LeViS\LvS_net\TestResults\George_GEORGE-PC 2009-03-09 19_29_08\Out\subtitles\sample.tts'.</Message>
          <StackTrace>   at LvS_utilities_Test.SubtitleUtilsTest.WriteSubtitlesTest(String path, Encoding encoding) in I:\Users\birbilis\Projects\LeViS\LvS_net\LvS_utilities_Test\SubtitleUtilsTest.vb:line 170
   at LvS_utilities_Test.SubtitleUtilsTest.Write_TTS_Test() in I:\Users\birbilis\Projects\LeViS\LvS_net\LvS_utilities_Test\SubtitleUtilsTest.vb:line 50
</StackTrace>
        </ErrorInfo>
      </Output>
    </UnitTestResult>
    <UnitTestResult executionId="5ea461da-6956-44bb-a279-37ea90f6318b" testId="e57fccda-e21f-401d-c4a4-fb33617a0bf9" testName="Read_TTS_Test" computerName="GEORGE-PC" duration="00:00:00.0016532" startTime="2009-03-09T19:29:10.7755547+02:00" endTime="2009-03-09T19:29:10.7804372+02:00" testType="13cdc9d9-ddb5-4fa4-a97d-d965ccfc6d4b" outcome="Failed" testListId="8c84fa94-04c1-424b-9868-57a2d4851a1d">
      <Output>
        <ErrorInfo>
          <Message>Assert.Fail failed. Could not find a part of the path 'I:\Users\birbilis\Projects\LeViS\LvS_net\TestResults\George_GEORGE-PC 2009-03-09 19_29_08\Out\subtitles\sample.tts'.</Message>
          <StackTrace>   at LvS_utilities_Test.SubtitleUtilsTest.ReadSubtitlesTest(String path, Encoding encoding) in I:\Users\birbilis\Projects\LeViS\LvS_net\LvS_utilities_Test\SubtitleUtilsTest.vb:line 155
   at LvS_utilities_Test.SubtitleUtilsTest.Read_TTS_Test() in I:\Users\birbilis\Projects\LeViS\LvS_net\LvS_utilities_Test\SubtitleUtilsTest.vb:line 42
</StackTrace>
        </ErrorInfo>
      </Output>
    </UnitTestResult>
    <UnitTestResult executionId="803da0f6-5993-4bf7-9027-9ce62f9e884d" testId="f334b2f5-b82d-38f7-a318-2af7754c6d43" testName="Read_TTS_UTF8_Test" computerName="GEORGE-PC" duration="00:00:00.0016205" startTime="2009-03-09T19:29:10.7921552+02:00" endTime="2009-03-09T19:29:10.7980142+02:00" testType="13cdc9d9-ddb5-4fa4-a97d-d965ccfc6d4b" outcome="Failed" testListId="8c84fa94-04c1-424b-9868-57a2d4851a1d">
      <Output>
        <ErrorInfo>
          <Message>Assert.Fail failed. Could not find a part of the path 'I:\Users\birbilis\Projects\LeViS\LvS_net\TestResults\George_GEORGE-PC 2009-03-09 19_29_08\Out\subtitles\sample.tts'.</Message>
          <StackTrace>   at LvS_utilities_Test.SubtitleUtilsTest.ReadSubtitlesTest(String path, Encoding encoding) in I:\Users\birbilis\Projects\LeViS\LvS_net\LvS_utilities_Test\SubtitleUtilsTest.vb:line 155
   at LvS_utilities_Test.SubtitleUtilsTest.Read_TTS_UTF8_Test() in I:\Users\birbilis\Projects\LeViS\LvS_net\LvS_utilities_Test\SubtitleUtilsTest.vb:line 58
</StackTrace>
        </ErrorInfo>
      </Output>
    </UnitTestResult>
  </Results>
</TestRun>